{
  "options": {
    "duration": 1000000000
  },
  "solutions": [
    {
      "message": "Hello World!"
    }
  ]
}
