{
  "version": {
    "sdk": "(devel)"
  },
  "options": {
    "duration": 500000000
  },
  "solutions": [
    {
      "message": "Hello World!"
    }
  ]
}
